// Jest Snapshot v1, https://goo.gl/fbAQLP

exports[`01 Programm 1`] = `
Object {
  "depth": 10,
  "height": 6,
  "player": Object {
    "direction": "south",
    "x": 2,
    "y": 9,
  },
  "tiles": Array [],
  "width": 5,
}
`;

exports[`02 Karol 1`] = `
Object {
  "depth": 10,
  "height": 6,
  "player": Object {
    "direction": "north",
    "x": 2,
    "y": 9,
  },
  "tiles": Array [
    Object {
      "bricks": 1,
      "cuboid": false,
      "marked": false,
      "x": 3,
      "y": 1,
    },
    Object {
      "bricks": 1,
      "cuboid": false,
      "marked": false,
      "x": 3,
      "y": 2,
    },
    Object {
      "bricks": 1,
      "cuboid": false,
      "marked": false,
      "x": 3,
      "y": 3,
    },
    Object {
      "bricks": 1,
      "cuboid": false,
      "marked": false,
      "x": 3,
      "y": 4,
    },
    Object {
      "bricks": 1,
      "cuboid": false,
      "marked": false,
      "x": 3,
      "y": 5,
    },
    Object {
      "bricks": 1,
      "cuboid": false,
      "marked": false,
      "x": 3,
      "y": 6,
    },
    Object {
      "bricks": 1,
      "cuboid": false,
      "marked": false,
      "x": 3,
      "y": 7,
    },
    Object {
      "bricks": 1,
      "cuboid": false,
      "marked": false,
      "x": 3,
      "y": 8,
    },
    Object {
      "bricks": 1,
      "cuboid": false,
      "marked": false,
      "x": 3,
      "y": 9,
    },
  ],
  "width": 5,
}
`;

exports[`03 Vergleichen 1`] = `
Object {
  "depth": 10,
  "height": 6,
  "player": Object {
    "direction": "east",
    "x": 2,
    "y": 3,
  },
  "tiles": Array [
    Object {
      "bricks": 0,
      "cuboid": false,
      "marked": false,
      "x": 1,
      "y": 3,
    },
    Object {
      "bricks": 0,
      "cuboid": false,
      "marked": false,
      "x": 2,
      "y": 2,
    },
    Object {
      "bricks": 0,
      "cuboid": false,
      "marked": false,
      "x": 2,
      "y": 4,
    },
    Object {
      "bricks": 0,
      "cuboid": false,
      "marked": false,
      "x": 3,
      "y": 3,
    },
  ],
  "width": 5,
}
`;

exports[`04 Neue Bedingung 1`] = `
Object {
  "depth": 10,
  "height": 6,
  "player": Object {
    "direction": "west",
    "x": 2,
    "y": 2,
  },
  "tiles": Array [
    Object {
      "bricks": 2,
      "cuboid": false,
      "marked": false,
      "x": 3,
      "y": 4,
    },
  ],
  "width": 5,
}
`;

exports[`05 Schwimmbad 1`] = `
Object {
  "depth": 10,
  "height": 6,
  "player": Object {
    "direction": "south",
    "x": 0,
    "y": 0,
  },
  "tiles": Array [
    Object {
      "bricks": 0,
      "cuboid": false,
      "marked": false,
      "x": 0,
      "y": 1,
    },
    Object {
      "bricks": 0,
      "cuboid": false,
      "marked": false,
      "x": 0,
      "y": 2,
    },
    Object {
      "bricks": 0,
      "cuboid": false,
      "marked": false,
      "x": 0,
      "y": 3,
    },
    Object {
      "bricks": 0,
      "cuboid": false,
      "marked": false,
      "x": 0,
      "y": 4,
    },
    Object {
      "bricks": 0,
      "cuboid": false,
      "marked": false,
      "x": 0,
      "y": 5,
    },
    Object {
      "bricks": 0,
      "cuboid": false,
      "marked": false,
      "x": 0,
      "y": 6,
    },
    Object {
      "bricks": 0,
      "cuboid": false,
      "marked": false,
      "x": 0,
      "y": 7,
    },
    Object {
      "bricks": 0,
      "cuboid": false,
      "marked": false,
      "x": 0,
      "y": 8,
    },
    Object {
      "bricks": 0,
      "cuboid": false,
      "marked": false,
      "x": 0,
      "y": 9,
    },
    Object {
      "bricks": 0,
      "cuboid": false,
      "marked": false,
      "x": 1,
      "y": 9,
    },
    Object {
      "bricks": 0,
      "cuboid": false,
      "marked": false,
      "x": 2,
      "y": 9,
    },
    Object {
      "bricks": 0,
      "cuboid": false,
      "marked": false,
      "x": 3,
      "y": 9,
    },
    Object {
      "bricks": 0,
      "cuboid": false,
      "marked": false,
      "x": 4,
      "y": 9,
    },
    Object {
      "bricks": 0,
      "cuboid": false,
      "marked": false,
      "x": 4,
      "y": 8,
    },
    Object {
      "bricks": 0,
      "cuboid": false,
      "marked": false,
      "x": 4,
      "y": 7,
    },
    Object {
      "bricks": 0,
      "cuboid": false,
      "marked": false,
      "x": 4,
      "y": 6,
    },
    Object {
      "bricks": 0,
      "cuboid": false,
      "marked": false,
      "x": 4,
      "y": 5,
    },
    Object {
      "bricks": 0,
      "cuboid": false,
      "marked": false,
      "x": 4,
      "y": 4,
    },
    Object {
      "bricks": 0,
      "cuboid": false,
      "marked": false,
      "x": 4,
      "y": 3,
    },
    Object {
      "bricks": 0,
      "cuboid": false,
      "marked": false,
      "x": 4,
      "y": 2,
    },
    Object {
      "bricks": 0,
      "cuboid": false,
      "marked": false,
      "x": 4,
      "y": 1,
    },
    Object {
      "bricks": 0,
      "cuboid": false,
      "marked": false,
      "x": 4,
      "y": 0,
    },
    Object {
      "bricks": 0,
      "cuboid": false,
      "marked": false,
      "x": 3,
      "y": 0,
    },
    Object {
      "bricks": 0,
      "cuboid": false,
      "marked": false,
      "x": 2,
      "y": 0,
    },
    Object {
      "bricks": 0,
      "cuboid": false,
      "marked": false,
      "x": 1,
      "y": 0,
    },
    Object {
      "bricks": 0,
      "cuboid": false,
      "marked": false,
      "x": 0,
      "y": 0,
    },
    Object {
      "bricks": 0,
      "cuboid": false,
      "marked": false,
      "x": 2,
      "y": 1,
    },
    Object {
      "bricks": 0,
      "cuboid": false,
      "marked": false,
      "x": 2,
      "y": 2,
    },
    Object {
      "bricks": 0,
      "cuboid": false,
      "marked": false,
      "x": 2,
      "y": 3,
    },
    Object {
      "bricks": 0,
      "cuboid": false,
      "marked": false,
      "x": 2,
      "y": 4,
    },
    Object {
      "bricks": 0,
      "cuboid": false,
      "marked": false,
      "x": 2,
      "y": 5,
    },
    Object {
      "bricks": 0,
      "cuboid": false,
      "marked": false,
      "x": 2,
      "y": 6,
    },
    Object {
      "bricks": 0,
      "cuboid": false,
      "marked": false,
      "x": 2,
      "y": 7,
    },
    Object {
      "bricks": 0,
      "cuboid": false,
      "marked": false,
      "x": 2,
      "y": 8,
    },
  ],
  "width": 5,
}
`;

exports[`06 SBad mit Prozeduren 1`] = `
Object {
  "depth": 10,
  "height": 6,
  "player": Object {
    "direction": "south",
    "x": 0,
    "y": 0,
  },
  "tiles": Array [
    Object {
      "bricks": 0,
      "cuboid": false,
      "marked": false,
      "x": 0,
      "y": 1,
    },
    Object {
      "bricks": 0,
      "cuboid": false,
      "marked": false,
      "x": 0,
      "y": 2,
    },
    Object {
      "bricks": 0,
      "cuboid": false,
      "marked": false,
      "x": 0,
      "y": 3,
    },
    Object {
      "bricks": 0,
      "cuboid": false,
      "marked": false,
      "x": 0,
      "y": 4,
    },
    Object {
      "bricks": 0,
      "cuboid": false,
      "marked": false,
      "x": 0,
      "y": 5,
    },
    Object {
      "bricks": 0,
      "cuboid": false,
      "marked": false,
      "x": 0,
      "y": 6,
    },
    Object {
      "bricks": 0,
      "cuboid": false,
      "marked": false,
      "x": 0,
      "y": 7,
    },
    Object {
      "bricks": 0,
      "cuboid": false,
      "marked": false,
      "x": 0,
      "y": 8,
    },
    Object {
      "bricks": 0,
      "cuboid": false,
      "marked": false,
      "x": 0,
      "y": 9,
    },
    Object {
      "bricks": 0,
      "cuboid": false,
      "marked": false,
      "x": 1,
      "y": 9,
    },
    Object {
      "bricks": 0,
      "cuboid": false,
      "marked": false,
      "x": 2,
      "y": 9,
    },
    Object {
      "bricks": 0,
      "cuboid": false,
      "marked": false,
      "x": 3,
      "y": 9,
    },
    Object {
      "bricks": 0,
      "cuboid": false,
      "marked": false,
      "x": 4,
      "y": 9,
    },
    Object {
      "bricks": 0,
      "cuboid": false,
      "marked": false,
      "x": 4,
      "y": 8,
    },
    Object {
      "bricks": 0,
      "cuboid": false,
      "marked": false,
      "x": 4,
      "y": 7,
    },
    Object {
      "bricks": 0,
      "cuboid": false,
      "marked": false,
      "x": 4,
      "y": 6,
    },
    Object {
      "bricks": 0,
      "cuboid": false,
      "marked": false,
      "x": 4,
      "y": 5,
    },
    Object {
      "bricks": 0,
      "cuboid": false,
      "marked": false,
      "x": 4,
      "y": 4,
    },
    Object {
      "bricks": 0,
      "cuboid": false,
      "marked": false,
      "x": 4,
      "y": 3,
    },
    Object {
      "bricks": 0,
      "cuboid": false,
      "marked": false,
      "x": 4,
      "y": 2,
    },
    Object {
      "bricks": 0,
      "cuboid": false,
      "marked": false,
      "x": 4,
      "y": 1,
    },
    Object {
      "bricks": 0,
      "cuboid": false,
      "marked": false,
      "x": 4,
      "y": 0,
    },
    Object {
      "bricks": 0,
      "cuboid": false,
      "marked": false,
      "x": 3,
      "y": 0,
    },
    Object {
      "bricks": 0,
      "cuboid": false,
      "marked": false,
      "x": 2,
      "y": 0,
    },
    Object {
      "bricks": 0,
      "cuboid": false,
      "marked": false,
      "x": 1,
      "y": 0,
    },
    Object {
      "bricks": 0,
      "cuboid": false,
      "marked": false,
      "x": 0,
      "y": 0,
    },
    Object {
      "bricks": 0,
      "cuboid": false,
      "marked": false,
      "x": 2,
      "y": 1,
    },
    Object {
      "bricks": 0,
      "cuboid": false,
      "marked": false,
      "x": 2,
      "y": 2,
    },
    Object {
      "bricks": 0,
      "cuboid": false,
      "marked": false,
      "x": 2,
      "y": 3,
    },
    Object {
      "bricks": 0,
      "cuboid": false,
      "marked": false,
      "x": 2,
      "y": 4,
    },
    Object {
      "bricks": 0,
      "cuboid": false,
      "marked": false,
      "x": 2,
      "y": 5,
    },
    Object {
      "bricks": 0,
      "cuboid": false,
      "marked": false,
      "x": 2,
      "y": 6,
    },
    Object {
      "bricks": 0,
      "cuboid": false,
      "marked": false,
      "x": 2,
      "y": 7,
    },
    Object {
      "bricks": 0,
      "cuboid": false,
      "marked": false,
      "x": 2,
      "y": 8,
    },
  ],
  "width": 5,
}
`;

exports[`07 SBad mit Schell Langsam 1`] = `
Object {
  "depth": 10,
  "height": 6,
  "player": Object {
    "direction": "south",
    "x": 0,
    "y": 0,
  },
  "tiles": Array [
    Object {
      "bricks": 0,
      "cuboid": false,
      "marked": false,
      "x": 0,
      "y": 1,
    },
    Object {
      "bricks": 0,
      "cuboid": false,
      "marked": false,
      "x": 0,
      "y": 2,
    },
    Object {
      "bricks": 0,
      "cuboid": false,
      "marked": false,
      "x": 0,
      "y": 3,
    },
    Object {
      "bricks": 0,
      "cuboid": false,
      "marked": false,
      "x": 0,
      "y": 4,
    },
    Object {
      "bricks": 0,
      "cuboid": false,
      "marked": false,
      "x": 0,
      "y": 5,
    },
    Object {
      "bricks": 0,
      "cuboid": false,
      "marked": false,
      "x": 0,
      "y": 6,
    },
    Object {
      "bricks": 0,
      "cuboid": false,
      "marked": false,
      "x": 0,
      "y": 7,
    },
    Object {
      "bricks": 0,
      "cuboid": false,
      "marked": false,
      "x": 0,
      "y": 8,
    },
    Object {
      "bricks": 0,
      "cuboid": false,
      "marked": false,
      "x": 0,
      "y": 9,
    },
    Object {
      "bricks": 0,
      "cuboid": false,
      "marked": false,
      "x": 1,
      "y": 9,
    },
    Object {
      "bricks": 0,
      "cuboid": false,
      "marked": false,
      "x": 2,
      "y": 9,
    },
    Object {
      "bricks": 0,
      "cuboid": false,
      "marked": false,
      "x": 3,
      "y": 9,
    },
    Object {
      "bricks": 0,
      "cuboid": false,
      "marked": false,
      "x": 4,
      "y": 9,
    },
    Object {
      "bricks": 0,
      "cuboid": false,
      "marked": false,
      "x": 4,
      "y": 8,
    },
    Object {
      "bricks": 0,
      "cuboid": false,
      "marked": false,
      "x": 4,
      "y": 7,
    },
    Object {
      "bricks": 0,
      "cuboid": false,
      "marked": false,
      "x": 4,
      "y": 6,
    },
    Object {
      "bricks": 0,
      "cuboid": false,
      "marked": false,
      "x": 4,
      "y": 5,
    },
    Object {
      "bricks": 0,
      "cuboid": false,
      "marked": false,
      "x": 4,
      "y": 4,
    },
    Object {
      "bricks": 0,
      "cuboid": false,
      "marked": false,
      "x": 4,
      "y": 3,
    },
    Object {
      "bricks": 0,
      "cuboid": false,
      "marked": false,
      "x": 4,
      "y": 2,
    },
    Object {
      "bricks": 0,
      "cuboid": false,
      "marked": false,
      "x": 4,
      "y": 1,
    },
    Object {
      "bricks": 0,
      "cuboid": false,
      "marked": false,
      "x": 4,
      "y": 0,
    },
    Object {
      "bricks": 0,
      "cuboid": false,
      "marked": false,
      "x": 3,
      "y": 0,
    },
    Object {
      "bricks": 0,
      "cuboid": false,
      "marked": false,
      "x": 2,
      "y": 0,
    },
    Object {
      "bricks": 0,
      "cuboid": false,
      "marked": false,
      "x": 1,
      "y": 0,
    },
    Object {
      "bricks": 0,
      "cuboid": false,
      "marked": false,
      "x": 0,
      "y": 0,
    },
    Object {
      "bricks": 0,
      "cuboid": false,
      "marked": false,
      "x": 2,
      "y": 1,
    },
    Object {
      "bricks": 0,
      "cuboid": false,
      "marked": false,
      "x": 2,
      "y": 2,
    },
    Object {
      "bricks": 0,
      "cuboid": false,
      "marked": false,
      "x": 2,
      "y": 3,
    },
    Object {
      "bricks": 0,
      "cuboid": false,
      "marked": false,
      "x": 2,
      "y": 4,
    },
    Object {
      "bricks": 0,
      "cuboid": false,
      "marked": false,
      "x": 2,
      "y": 5,
    },
    Object {
      "bricks": 0,
      "cuboid": false,
      "marked": false,
      "x": 2,
      "y": 6,
    },
    Object {
      "bricks": 0,
      "cuboid": false,
      "marked": false,
      "x": 2,
      "y": 7,
    },
    Object {
      "bricks": 0,
      "cuboid": false,
      "marked": false,
      "x": 2,
      "y": 8,
    },
  ],
  "width": 5,
}
`;

exports[`08 Rekursion 1`] = `
Object {
  "depth": 10,
  "height": 6,
  "player": Object {
    "direction": "north",
    "x": 2,
    "y": 3,
  },
  "tiles": Array [
    Object {
      "bricks": 0,
      "cuboid": false,
      "marked": false,
      "x": 2,
      "y": 4,
    },
    Object {
      "bricks": 3,
      "cuboid": false,
      "marked": false,
      "x": 2,
      "y": 2,
    },
  ],
  "width": 5,
}
`;

exports[`Invertieren 1`] = `
Object {
  "depth": 10,
  "height": 6,
  "player": Object {
    "direction": "south",
    "x": 2,
    "y": 9,
  },
  "tiles": Array [
    Object {
      "bricks": 1,
      "cuboid": false,
      "marked": false,
      "x": 1,
      "y": 4,
    },
    Object {
      "bricks": 1,
      "cuboid": false,
      "marked": false,
      "x": 3,
      "y": 4,
    },
    Object {
      "bricks": 1,
      "cuboid": false,
      "marked": false,
      "x": 4,
      "y": 4,
    },
    Object {
      "bricks": 0,
      "cuboid": false,
      "marked": false,
      "x": 2,
      "y": 5,
    },
    Object {
      "bricks": 1,
      "cuboid": false,
      "marked": false,
      "x": 4,
      "y": 5,
    },
    Object {
      "bricks": 1,
      "cuboid": false,
      "marked": false,
      "x": 2,
      "y": 1,
    },
    Object {
      "bricks": 1,
      "cuboid": false,
      "marked": false,
      "x": 2,
      "y": 2,
    },
    Object {
      "bricks": 1,
      "cuboid": false,
      "marked": false,
      "x": 2,
      "y": 3,
    },
    Object {
      "bricks": 1,
      "cuboid": false,
      "marked": false,
      "x": 2,
      "y": 4,
    },
    Object {
      "bricks": 1,
      "cuboid": false,
      "marked": false,
      "x": 2,
      "y": 6,
    },
    Object {
      "bricks": 1,
      "cuboid": false,
      "marked": false,
      "x": 2,
      "y": 7,
    },
    Object {
      "bricks": 1,
      "cuboid": false,
      "marked": false,
      "x": 2,
      "y": 8,
    },
    Object {
      "bricks": 1,
      "cuboid": false,
      "marked": false,
      "x": 2,
      "y": 9,
    },
  ],
  "width": 5,
}
`;

exports[`Invertieren Gesamt 1`] = `
Object {
  "depth": 8,
  "height": 6,
  "player": Object {
    "direction": "east",
    "x": 12,
    "y": 7,
  },
  "tiles": Array [
    Object {
      "bricks": 0,
      "cuboid": false,
      "marked": false,
      "x": 1,
      "y": 1,
    },
    Object {
      "bricks": 0,
      "cuboid": false,
      "marked": false,
      "x": 8,
      "y": 1,
    },
    Object {
      "bricks": 0,
      "cuboid": false,
      "marked": false,
      "x": 2,
      "y": 2,
    },
    Object {
      "bricks": 0,
      "cuboid": false,
      "marked": false,
      "x": 9,
      "y": 2,
    },
    Object {
      "bricks": 0,
      "cuboid": false,
      "marked": false,
      "x": 10,
      "y": 2,
    },
    Object {
      "bricks": 0,
      "cuboid": false,
      "marked": false,
      "x": 3,
      "y": 3,
    },
    Object {
      "bricks": 0,
      "cuboid": false,
      "marked": false,
      "x": 5,
      "y": 3,
    },
    Object {
      "bricks": 0,
      "cuboid": false,
      "marked": false,
      "x": 10,
      "y": 3,
    },
    Object {
      "bricks": 0,
      "cuboid": false,
      "marked": false,
      "x": 0,
      "y": 4,
    },
    Object {
      "bricks": 0,
      "cuboid": false,
      "marked": false,
      "x": 6,
      "y": 4,
    },
    Object {
      "bricks": 0,
      "cuboid": false,
      "marked": false,
      "x": 8,
      "y": 4,
    },
    Object {
      "bricks": 0,
      "cuboid": false,
      "marked": false,
      "x": 2,
      "y": 5,
    },
    Object {
      "bricks": 0,
      "cuboid": false,
      "marked": false,
      "x": 3,
      "y": 5,
    },
    Object {
      "bricks": 0,
      "cuboid": false,
      "marked": false,
      "x": 11,
      "y": 5,
    },
    Object {
      "bricks": 0,
      "cuboid": false,
      "marked": false,
      "x": 7,
      "y": 6,
    },
    Object {
      "bricks": 0,
      "cuboid": false,
      "marked": false,
      "x": 3,
      "y": 7,
    },
    Object {
      "bricks": 1,
      "cuboid": false,
      "marked": false,
      "x": 0,
      "y": 0,
    },
    Object {
      "bricks": 1,
      "cuboid": false,
      "marked": false,
      "x": 0,
      "y": 1,
    },
    Object {
      "bricks": 1,
      "cuboid": false,
      "marked": false,
      "x": 0,
      "y": 2,
    },
    Object {
      "bricks": 1,
      "cuboid": false,
      "marked": false,
      "x": 0,
      "y": 3,
    },
    Object {
      "bricks": 1,
      "cuboid": false,
      "marked": false,
      "x": 0,
      "y": 5,
    },
    Object {
      "bricks": 1,
      "cuboid": false,
      "marked": false,
      "x": 0,
      "y": 6,
    },
    Object {
      "bricks": 1,
      "cuboid": false,
      "marked": false,
      "x": 0,
      "y": 7,
    },
    Object {
      "bricks": 1,
      "cuboid": false,
      "marked": false,
      "x": 1,
      "y": 7,
    },
    Object {
      "bricks": 1,
      "cuboid": false,
      "marked": false,
      "x": 1,
      "y": 6,
    },
    Object {
      "bricks": 1,
      "cuboid": false,
      "marked": false,
      "x": 1,
      "y": 5,
    },
    Object {
      "bricks": 1,
      "cuboid": false,
      "marked": false,
      "x": 1,
      "y": 4,
    },
    Object {
      "bricks": 1,
      "cuboid": false,
      "marked": false,
      "x": 1,
      "y": 3,
    },
    Object {
      "bricks": 1,
      "cuboid": false,
      "marked": false,
      "x": 1,
      "y": 2,
    },
    Object {
      "bricks": 1,
      "cuboid": false,
      "marked": false,
      "x": 1,
      "y": 0,
    },
    Object {
      "bricks": 1,
      "cuboid": false,
      "marked": false,
      "x": 2,
      "y": 0,
    },
    Object {
      "bricks": 1,
      "cuboid": false,
      "marked": false,
      "x": 2,
      "y": 1,
    },
    Object {
      "bricks": 1,
      "cuboid": false,
      "marked": false,
      "x": 2,
      "y": 3,
    },
    Object {
      "bricks": 1,
      "cuboid": false,
      "marked": false,
      "x": 2,
      "y": 4,
    },
    Object {
      "bricks": 1,
      "cuboid": false,
      "marked": false,
      "x": 2,
      "y": 6,
    },
    Object {
      "bricks": 1,
      "cuboid": false,
      "marked": false,
      "x": 2,
      "y": 7,
    },
    Object {
      "bricks": 1,
      "cuboid": false,
      "marked": false,
      "x": 3,
      "y": 6,
    },
    Object {
      "bricks": 1,
      "cuboid": false,
      "marked": false,
      "x": 3,
      "y": 4,
    },
    Object {
      "bricks": 1,
      "cuboid": false,
      "marked": false,
      "x": 3,
      "y": 2,
    },
    Object {
      "bricks": 1,
      "cuboid": false,
      "marked": false,
      "x": 3,
      "y": 1,
    },
    Object {
      "bricks": 1,
      "cuboid": false,
      "marked": false,
      "x": 3,
      "y": 0,
    },
    Object {
      "bricks": 1,
      "cuboid": false,
      "marked": false,
      "x": 4,
      "y": 0,
    },
    Object {
      "bricks": 1,
      "cuboid": false,
      "marked": false,
      "x": 4,
      "y": 1,
    },
    Object {
      "bricks": 1,
      "cuboid": false,
      "marked": false,
      "x": 4,
      "y": 2,
    },
    Object {
      "bricks": 1,
      "cuboid": false,
      "marked": false,
      "x": 4,
      "y": 3,
    },
    Object {
      "bricks": 1,
      "cuboid": false,
      "marked": false,
      "x": 4,
      "y": 4,
    },
    Object {
      "bricks": 1,
      "cuboid": false,
      "marked": false,
      "x": 4,
      "y": 5,
    },
    Object {
      "bricks": 1,
      "cuboid": false,
      "marked": false,
      "x": 4,
      "y": 6,
    },
    Object {
      "bricks": 1,
      "cuboid": false,
      "marked": false,
      "x": 4,
      "y": 7,
    },
    Object {
      "bricks": 1,
      "cuboid": false,
      "marked": false,
      "x": 5,
      "y": 7,
    },
    Object {
      "bricks": 1,
      "cuboid": false,
      "marked": false,
      "x": 5,
      "y": 6,
    },
    Object {
      "bricks": 1,
      "cuboid": false,
      "marked": false,
      "x": 5,
      "y": 5,
    },
    Object {
      "bricks": 1,
      "cuboid": false,
      "marked": false,
      "x": 5,
      "y": 4,
    },
    Object {
      "bricks": 1,
      "cuboid": false,
      "marked": false,
      "x": 5,
      "y": 2,
    },
    Object {
      "bricks": 1,
      "cuboid": false,
      "marked": false,
      "x": 5,
      "y": 1,
    },
    Object {
      "bricks": 1,
      "cuboid": false,
      "marked": false,
      "x": 5,
      "y": 0,
    },
    Object {
      "bricks": 1,
      "cuboid": false,
      "marked": false,
      "x": 6,
      "y": 0,
    },
    Object {
      "bricks": 1,
      "cuboid": false,
      "marked": false,
      "x": 6,
      "y": 1,
    },
    Object {
      "bricks": 1,
      "cuboid": false,
      "marked": false,
      "x": 6,
      "y": 2,
    },
    Object {
      "bricks": 1,
      "cuboid": false,
      "marked": false,
      "x": 6,
      "y": 3,
    },
    Object {
      "bricks": 1,
      "cuboid": false,
      "marked": false,
      "x": 6,
      "y": 5,
    },
    Object {
      "bricks": 1,
      "cuboid": false,
      "marked": false,
      "x": 6,
      "y": 6,
    },
    Object {
      "bricks": 1,
      "cuboid": false,
      "marked": false,
      "x": 6,
      "y": 7,
    },
    Object {
      "bricks": 1,
      "cuboid": false,
      "marked": false,
      "x": 7,
      "y": 7,
    },
    Object {
      "bricks": 1,
      "cuboid": false,
      "marked": false,
      "x": 7,
      "y": 5,
    },
    Object {
      "bricks": 1,
      "cuboid": false,
      "marked": false,
      "x": 7,
      "y": 4,
    },
    Object {
      "bricks": 1,
      "cuboid": false,
      "marked": false,
      "x": 7,
      "y": 3,
    },
    Object {
      "bricks": 1,
      "cuboid": false,
      "marked": false,
      "x": 7,
      "y": 2,
    },
    Object {
      "bricks": 1,
      "cuboid": false,
      "marked": false,
      "x": 7,
      "y": 1,
    },
    Object {
      "bricks": 1,
      "cuboid": false,
      "marked": false,
      "x": 7,
      "y": 0,
    },
    Object {
      "bricks": 1,
      "cuboid": false,
      "marked": false,
      "x": 8,
      "y": 0,
    },
    Object {
      "bricks": 1,
      "cuboid": false,
      "marked": false,
      "x": 8,
      "y": 2,
    },
    Object {
      "bricks": 1,
      "cuboid": false,
      "marked": false,
      "x": 8,
      "y": 3,
    },
    Object {
      "bricks": 1,
      "cuboid": false,
      "marked": false,
      "x": 8,
      "y": 5,
    },
    Object {
      "bricks": 1,
      "cuboid": false,
      "marked": false,
      "x": 8,
      "y": 6,
    },
    Object {
      "bricks": 1,
      "cuboid": false,
      "marked": false,
      "x": 8,
      "y": 7,
    },
    Object {
      "bricks": 1,
      "cuboid": false,
      "marked": false,
      "x": 9,
      "y": 7,
    },
    Object {
      "bricks": 1,
      "cuboid": false,
      "marked": false,
      "x": 9,
      "y": 6,
    },
    Object {
      "bricks": 1,
      "cuboid": false,
      "marked": false,
      "x": 9,
      "y": 5,
    },
    Object {
      "bricks": 1,
      "cuboid": false,
      "marked": false,
      "x": 9,
      "y": 4,
    },
    Object {
      "bricks": 1,
      "cuboid": false,
      "marked": false,
      "x": 9,
      "y": 3,
    },
    Object {
      "bricks": 1,
      "cuboid": false,
      "marked": false,
      "x": 9,
      "y": 1,
    },
    Object {
      "bricks": 1,
      "cuboid": false,
      "marked": false,
      "x": 9,
      "y": 0,
    },
    Object {
      "bricks": 1,
      "cuboid": false,
      "marked": false,
      "x": 10,
      "y": 0,
    },
    Object {
      "bricks": 1,
      "cuboid": false,
      "marked": false,
      "x": 10,
      "y": 1,
    },
    Object {
      "bricks": 1,
      "cuboid": false,
      "marked": false,
      "x": 10,
      "y": 4,
    },
    Object {
      "bricks": 1,
      "cuboid": false,
      "marked": false,
      "x": 10,
      "y": 5,
    },
    Object {
      "bricks": 1,
      "cuboid": false,
      "marked": false,
      "x": 10,
      "y": 6,
    },
    Object {
      "bricks": 1,
      "cuboid": false,
      "marked": false,
      "x": 10,
      "y": 7,
    },
    Object {
      "bricks": 1,
      "cuboid": false,
      "marked": false,
      "x": 11,
      "y": 7,
    },
    Object {
      "bricks": 1,
      "cuboid": false,
      "marked": false,
      "x": 11,
      "y": 6,
    },
    Object {
      "bricks": 1,
      "cuboid": false,
      "marked": false,
      "x": 11,
      "y": 4,
    },
    Object {
      "bricks": 1,
      "cuboid": false,
      "marked": false,
      "x": 11,
      "y": 3,
    },
    Object {
      "bricks": 1,
      "cuboid": false,
      "marked": false,
      "x": 11,
      "y": 2,
    },
    Object {
      "bricks": 1,
      "cuboid": false,
      "marked": false,
      "x": 11,
      "y": 1,
    },
    Object {
      "bricks": 1,
      "cuboid": false,
      "marked": false,
      "x": 11,
      "y": 0,
    },
    Object {
      "bricks": 1,
      "cuboid": false,
      "marked": false,
      "x": 12,
      "y": 0,
    },
    Object {
      "bricks": 1,
      "cuboid": false,
      "marked": false,
      "x": 12,
      "y": 1,
    },
    Object {
      "bricks": 1,
      "cuboid": false,
      "marked": false,
      "x": 12,
      "y": 2,
    },
    Object {
      "bricks": 1,
      "cuboid": false,
      "marked": false,
      "x": 12,
      "y": 3,
    },
    Object {
      "bricks": 1,
      "cuboid": false,
      "marked": false,
      "x": 12,
      "y": 4,
    },
    Object {
      "bricks": 1,
      "cuboid": false,
      "marked": false,
      "x": 12,
      "y": 5,
    },
    Object {
      "bricks": 1,
      "cuboid": false,
      "marked": false,
      "x": 12,
      "y": 6,
    },
    Object {
      "bricks": 1,
      "cuboid": false,
      "marked": false,
      "x": 12,
      "y": 7,
    },
  ],
  "width": 13,
}
`;

exports[`Kurze Diagonale 1`] = `
Object {
  "depth": 10,
  "height": 6,
  "player": Object {
    "direction": "south",
    "x": 0,
    "y": 3,
  },
  "tiles": Array [
    Object {
      "bricks": 1,
      "cuboid": false,
      "marked": false,
      "x": 3,
      "y": 1,
    },
    Object {
      "bricks": 1,
      "cuboid": false,
      "marked": false,
      "x": 2,
      "y": 2,
    },
    Object {
      "bricks": 1,
      "cuboid": false,
      "marked": false,
      "x": 1,
      "y": 3,
    },
  ],
  "width": 6,
}
`;

exports[`Labyrinth einfach 1`] = `
Object {
  "depth": 10,
  "height": 4,
  "player": Object {
    "direction": "north",
    "x": 2,
    "y": 0,
  },
  "tiles": Array [
    Object {
      "bricks": 1,
      "cuboid": false,
      "marked": false,
      "x": 1,
      "y": 0,
    },
    Object {
      "bricks": 1,
      "cuboid": false,
      "marked": false,
      "x": 2,
      "y": 0,
    },
    Object {
      "bricks": 1,
      "cuboid": false,
      "marked": false,
      "x": 3,
      "y": 0,
    },
    Object {
      "bricks": 1,
      "cuboid": false,
      "marked": false,
      "x": 4,
      "y": 0,
    },
    Object {
      "bricks": 1,
      "cuboid": false,
      "marked": false,
      "x": 5,
      "y": 0,
    },
    Object {
      "bricks": 1,
      "cuboid": false,
      "marked": false,
      "x": 6,
      "y": 0,
    },
    Object {
      "bricks": 1,
      "cuboid": false,
      "marked": false,
      "x": 7,
      "y": 0,
    },
    Object {
      "bricks": 1,
      "cuboid": false,
      "marked": false,
      "x": 8,
      "y": 0,
    },
    Object {
      "bricks": 1,
      "cuboid": false,
      "marked": false,
      "x": 9,
      "y": 0,
    },
    Object {
      "bricks": 1,
      "cuboid": false,
      "marked": false,
      "x": 1,
      "y": 1,
    },
    Object {
      "bricks": 1,
      "cuboid": false,
      "marked": false,
      "x": 3,
      "y": 1,
    },
    Object {
      "bricks": 1,
      "cuboid": false,
      "marked": false,
      "x": 5,
      "y": 1,
    },
    Object {
      "bricks": 1,
      "cuboid": false,
      "marked": false,
      "x": 7,
      "y": 1,
    },
    Object {
      "bricks": 1,
      "cuboid": false,
      "marked": false,
      "x": 9,
      "y": 1,
    },
    Object {
      "bricks": 1,
      "cuboid": false,
      "marked": false,
      "x": 1,
      "y": 2,
    },
    Object {
      "bricks": 1,
      "cuboid": false,
      "marked": false,
      "x": 3,
      "y": 2,
    },
    Object {
      "bricks": 1,
      "cuboid": false,
      "marked": false,
      "x": 5,
      "y": 2,
    },
    Object {
      "bricks": 1,
      "cuboid": false,
      "marked": false,
      "x": 7,
      "y": 2,
    },
    Object {
      "bricks": 1,
      "cuboid": false,
      "marked": false,
      "x": 9,
      "y": 2,
    },
    Object {
      "bricks": 1,
      "cuboid": false,
      "marked": false,
      "x": 1,
      "y": 3,
    },
    Object {
      "bricks": 1,
      "cuboid": false,
      "marked": false,
      "x": 5,
      "y": 3,
    },
    Object {
      "bricks": 1,
      "cuboid": false,
      "marked": false,
      "x": 7,
      "y": 3,
    },
    Object {
      "bricks": 1,
      "cuboid": false,
      "marked": false,
      "x": 9,
      "y": 3,
    },
    Object {
      "bricks": 1,
      "cuboid": false,
      "marked": false,
      "x": 1,
      "y": 4,
    },
    Object {
      "bricks": 1,
      "cuboid": false,
      "marked": false,
      "x": 3,
      "y": 4,
    },
    Object {
      "bricks": 1,
      "cuboid": false,
      "marked": false,
      "x": 5,
      "y": 4,
    },
    Object {
      "bricks": 1,
      "cuboid": false,
      "marked": false,
      "x": 9,
      "y": 4,
    },
    Object {
      "bricks": 1,
      "cuboid": false,
      "marked": false,
      "x": 1,
      "y": 5,
    },
    Object {
      "bricks": 1,
      "cuboid": false,
      "marked": false,
      "x": 3,
      "y": 5,
    },
    Object {
      "bricks": 1,
      "cuboid": false,
      "marked": false,
      "x": 5,
      "y": 5,
    },
    Object {
      "bricks": 1,
      "cuboid": false,
      "marked": false,
      "x": 7,
      "y": 5,
    },
    Object {
      "bricks": 1,
      "cuboid": false,
      "marked": false,
      "x": 9,
      "y": 5,
    },
    Object {
      "bricks": 0,
      "cuboid": false,
      "marked": true,
      "x": 0,
      "y": 6,
    },
    Object {
      "bricks": 1,
      "cuboid": false,
      "marked": false,
      "x": 3,
      "y": 6,
    },
    Object {
      "bricks": 1,
      "cuboid": false,
      "marked": false,
      "x": 5,
      "y": 6,
    },
    Object {
      "bricks": 1,
      "cuboid": false,
      "marked": false,
      "x": 7,
      "y": 6,
    },
    Object {
      "bricks": 1,
      "cuboid": false,
      "marked": false,
      "x": 9,
      "y": 6,
    },
    Object {
      "bricks": 1,
      "cuboid": false,
      "marked": false,
      "x": 1,
      "y": 7,
    },
    Object {
      "bricks": 1,
      "cuboid": false,
      "marked": false,
      "x": 3,
      "y": 7,
    },
    Object {
      "bricks": 1,
      "cuboid": false,
      "marked": false,
      "x": 7,
      "y": 7,
    },
    Object {
      "bricks": 1,
      "cuboid": false,
      "marked": false,
      "x": 9,
      "y": 7,
    },
    Object {
      "bricks": 1,
      "cuboid": false,
      "marked": false,
      "x": 1,
      "y": 8,
    },
    Object {
      "bricks": 1,
      "cuboid": false,
      "marked": false,
      "x": 3,
      "y": 8,
    },
    Object {
      "bricks": 1,
      "cuboid": false,
      "marked": false,
      "x": 5,
      "y": 8,
    },
    Object {
      "bricks": 1,
      "cuboid": false,
      "marked": false,
      "x": 7,
      "y": 8,
    },
    Object {
      "bricks": 1,
      "cuboid": false,
      "marked": false,
      "x": 9,
      "y": 8,
    },
    Object {
      "bricks": 1,
      "cuboid": false,
      "marked": false,
      "x": 1,
      "y": 9,
    },
    Object {
      "bricks": 1,
      "cuboid": false,
      "marked": false,
      "x": 2,
      "y": 9,
    },
    Object {
      "bricks": 1,
      "cuboid": false,
      "marked": false,
      "x": 3,
      "y": 9,
    },
    Object {
      "bricks": 1,
      "cuboid": false,
      "marked": false,
      "x": 4,
      "y": 9,
    },
    Object {
      "bricks": 1,
      "cuboid": false,
      "marked": false,
      "x": 5,
      "y": 9,
    },
    Object {
      "bricks": 1,
      "cuboid": false,
      "marked": false,
      "x": 6,
      "y": 9,
    },
    Object {
      "bricks": 1,
      "cuboid": false,
      "marked": false,
      "x": 7,
      "y": 9,
    },
    Object {
      "bricks": 1,
      "cuboid": false,
      "marked": false,
      "x": 8,
      "y": 9,
    },
    Object {
      "bricks": 1,
      "cuboid": false,
      "marked": false,
      "x": 9,
      "y": 9,
    },
  ],
  "width": 10,
}
`;

exports[`Laufen 1`] = `
Object {
  "depth": 10,
  "height": 6,
  "player": Object {
    "direction": "west",
    "x": 0,
    "y": 0,
  },
  "tiles": Array [
    Object {
      "bricks": 1,
      "cuboid": false,
      "marked": true,
      "x": 0,
      "y": 0,
    },
    Object {
      "bricks": 1,
      "cuboid": false,
      "marked": false,
      "x": 0,
      "y": 1,
    },
    Object {
      "bricks": 1,
      "cuboid": false,
      "marked": false,
      "x": 0,
      "y": 2,
    },
    Object {
      "bricks": 1,
      "cuboid": false,
      "marked": false,
      "x": 0,
      "y": 6,
    },
    Object {
      "bricks": 1,
      "cuboid": false,
      "marked": false,
      "x": 0,
      "y": 7,
    },
    Object {
      "bricks": 1,
      "cuboid": false,
      "marked": false,
      "x": 0,
      "y": 8,
    },
    Object {
      "bricks": 1,
      "cuboid": false,
      "marked": false,
      "x": 1,
      "y": 0,
    },
    Object {
      "bricks": 1,
      "cuboid": false,
      "marked": false,
      "x": 1,
      "y": 2,
    },
    Object {
      "bricks": 1,
      "cuboid": false,
      "marked": false,
      "x": 1,
      "y": 3,
    },
    Object {
      "bricks": 1,
      "cuboid": false,
      "marked": false,
      "x": 1,
      "y": 4,
    },
    Object {
      "bricks": 1,
      "cuboid": false,
      "marked": false,
      "x": 1,
      "y": 6,
    },
    Object {
      "bricks": 1,
      "cuboid": false,
      "marked": false,
      "x": 1,
      "y": 8,
    },
    Object {
      "bricks": 1,
      "cuboid": false,
      "marked": false,
      "x": 2,
      "y": 0,
    },
    Object {
      "bricks": 1,
      "cuboid": false,
      "marked": false,
      "x": 2,
      "y": 4,
    },
    Object {
      "bricks": 1,
      "cuboid": false,
      "marked": false,
      "x": 2,
      "y": 5,
    },
    Object {
      "bricks": 1,
      "cuboid": false,
      "marked": false,
      "x": 2,
      "y": 6,
    },
    Object {
      "bricks": 1,
      "cuboid": false,
      "marked": false,
      "x": 2,
      "y": 8,
    },
    Object {
      "bricks": 1,
      "cuboid": false,
      "marked": false,
      "x": 3,
      "y": 0,
    },
    Object {
      "bricks": 1,
      "cuboid": false,
      "marked": false,
      "x": 3,
      "y": 8,
    },
    Object {
      "bricks": 1,
      "cuboid": false,
      "marked": false,
      "x": 4,
      "y": 0,
    },
    Object {
      "bricks": 1,
      "cuboid": false,
      "marked": false,
      "x": 4,
      "y": 1,
    },
    Object {
      "bricks": 1,
      "cuboid": false,
      "marked": false,
      "x": 4,
      "y": 6,
    },
    Object {
      "bricks": 1,
      "cuboid": false,
      "marked": false,
      "x": 4,
      "y": 7,
    },
    Object {
      "bricks": 1,
      "cuboid": false,
      "marked": false,
      "x": 4,
      "y": 8,
    },
    Object {
      "bricks": 1,
      "cuboid": false,
      "marked": false,
      "x": 5,
      "y": 1,
    },
    Object {
      "bricks": 1,
      "cuboid": false,
      "marked": false,
      "x": 5,
      "y": 2,
    },
    Object {
      "bricks": 1,
      "cuboid": false,
      "marked": false,
      "x": 5,
      "y": 3,
    },
    Object {
      "bricks": 1,
      "cuboid": false,
      "marked": false,
      "x": 5,
      "y": 6,
    },
    Object {
      "bricks": 1,
      "cuboid": false,
      "marked": false,
      "x": 6,
      "y": 3,
    },
    Object {
      "bricks": 1,
      "cuboid": false,
      "marked": false,
      "x": 6,
      "y": 5,
    },
    Object {
      "bricks": 1,
      "cuboid": false,
      "marked": false,
      "x": 6,
      "y": 6,
    },
    Object {
      "bricks": 1,
      "cuboid": false,
      "marked": false,
      "x": 7,
      "y": 3,
    },
    Object {
      "bricks": 1,
      "cuboid": false,
      "marked": false,
      "x": 7,
      "y": 4,
    },
    Object {
      "bricks": 1,
      "cuboid": false,
      "marked": false,
      "x": 7,
      "y": 5,
    },
  ],
  "width": 8,
}
`;

exports[`Links Invertieren 1`] = `
Object {
  "depth": 10,
  "height": 6,
  "player": Object {
    "direction": "south",
    "x": 2,
    "y": 9,
  },
  "tiles": Array [
    Object {
      "bricks": 1,
      "cuboid": false,
      "marked": false,
      "x": 2,
      "y": 1,
    },
    Object {
      "bricks": 1,
      "cuboid": false,
      "marked": false,
      "x": 2,
      "y": 3,
    },
    Object {
      "bricks": 1,
      "cuboid": false,
      "marked": false,
      "x": 2,
      "y": 4,
    },
    Object {
      "bricks": 1,
      "cuboid": false,
      "marked": false,
      "x": 2,
      "y": 7,
    },
    Object {
      "bricks": 1,
      "cuboid": false,
      "marked": false,
      "x": 2,
      "y": 9,
    },
    Object {
      "bricks": 1,
      "cuboid": false,
      "marked": false,
      "x": 3,
      "y": 2,
    },
    Object {
      "bricks": 1,
      "cuboid": false,
      "marked": false,
      "x": 3,
      "y": 5,
    },
    Object {
      "bricks": 1,
      "cuboid": false,
      "marked": false,
      "x": 3,
      "y": 6,
    },
    Object {
      "bricks": 1,
      "cuboid": false,
      "marked": false,
      "x": 3,
      "y": 8,
    },
  ],
  "width": 5,
}
`;

exports[`Pascal 1`] = `
Object {
  "depth": 20,
  "height": 4,
  "player": Object {
    "direction": "south",
    "x": 0,
    "y": 19,
  },
  "tiles": Array [
    Object {
      "bricks": 0,
      "cuboid": false,
      "marked": true,
      "x": 0,
      "y": 0,
    },
    Object {
      "bricks": 0,
      "cuboid": false,
      "marked": true,
      "x": 1,
      "y": 0,
    },
    Object {
      "bricks": 0,
      "cuboid": false,
      "marked": true,
      "x": 2,
      "y": 0,
    },
    Object {
      "bricks": 0,
      "cuboid": false,
      "marked": true,
      "x": 3,
      "y": 0,
    },
    Object {
      "bricks": 0,
      "cuboid": false,
      "marked": true,
      "x": 4,
      "y": 0,
    },
    Object {
      "bricks": 0,
      "cuboid": false,
      "marked": true,
      "x": 5,
      "y": 0,
    },
    Object {
      "bricks": 0,
      "cuboid": false,
      "marked": true,
      "x": 6,
      "y": 0,
    },
    Object {
      "bricks": 0,
      "cuboid": false,
      "marked": true,
      "x": 7,
      "y": 0,
    },
    Object {
      "bricks": 0,
      "cuboid": false,
      "marked": true,
      "x": 8,
      "y": 0,
    },
    Object {
      "bricks": 0,
      "cuboid": false,
      "marked": true,
      "x": 9,
      "y": 0,
    },
    Object {
      "bricks": 0,
      "cuboid": false,
      "marked": true,
      "x": 10,
      "y": 0,
    },
    Object {
      "bricks": 0,
      "cuboid": false,
      "marked": true,
      "x": 11,
      "y": 0,
    },
    Object {
      "bricks": 0,
      "cuboid": false,
      "marked": true,
      "x": 12,
      "y": 0,
    },
    Object {
      "bricks": 0,
      "cuboid": false,
      "marked": true,
      "x": 13,
      "y": 0,
    },
    Object {
      "bricks": 0,
      "cuboid": false,
      "marked": true,
      "x": 14,
      "y": 0,
    },
    Object {
      "bricks": 0,
      "cuboid": false,
      "marked": true,
      "x": 15,
      "y": 0,
    },
    Object {
      "bricks": 0,
      "cuboid": false,
      "marked": true,
      "x": 16,
      "y": 0,
    },
    Object {
      "bricks": 0,
      "cuboid": false,
      "marked": true,
      "x": 17,
      "y": 0,
    },
    Object {
      "bricks": 0,
      "cuboid": false,
      "marked": true,
      "x": 18,
      "y": 0,
    },
    Object {
      "bricks": 0,
      "cuboid": false,
      "marked": true,
      "x": 19,
      "y": 0,
    },
    Object {
      "bricks": 0,
      "cuboid": false,
      "marked": true,
      "x": 0,
      "y": 1,
    },
    Object {
      "bricks": 0,
      "cuboid": false,
      "marked": true,
      "x": 0,
      "y": 2,
    },
    Object {
      "bricks": 0,
      "cuboid": false,
      "marked": true,
      "x": 0,
      "y": 3,
    },
    Object {
      "bricks": 0,
      "cuboid": false,
      "marked": true,
      "x": 0,
      "y": 4,
    },
    Object {
      "bricks": 0,
      "cuboid": false,
      "marked": true,
      "x": 0,
      "y": 5,
    },
    Object {
      "bricks": 0,
      "cuboid": false,
      "marked": true,
      "x": 0,
      "y": 6,
    },
    Object {
      "bricks": 0,
      "cuboid": false,
      "marked": true,
      "x": 0,
      "y": 7,
    },
    Object {
      "bricks": 0,
      "cuboid": false,
      "marked": true,
      "x": 0,
      "y": 8,
    },
    Object {
      "bricks": 0,
      "cuboid": false,
      "marked": true,
      "x": 0,
      "y": 9,
    },
    Object {
      "bricks": 0,
      "cuboid": false,
      "marked": true,
      "x": 0,
      "y": 10,
    },
    Object {
      "bricks": 0,
      "cuboid": false,
      "marked": true,
      "x": 0,
      "y": 11,
    },
    Object {
      "bricks": 0,
      "cuboid": false,
      "marked": true,
      "x": 0,
      "y": 12,
    },
    Object {
      "bricks": 0,
      "cuboid": false,
      "marked": true,
      "x": 0,
      "y": 13,
    },
    Object {
      "bricks": 0,
      "cuboid": false,
      "marked": true,
      "x": 0,
      "y": 14,
    },
    Object {
      "bricks": 0,
      "cuboid": false,
      "marked": true,
      "x": 0,
      "y": 15,
    },
    Object {
      "bricks": 0,
      "cuboid": false,
      "marked": true,
      "x": 0,
      "y": 16,
    },
    Object {
      "bricks": 0,
      "cuboid": false,
      "marked": true,
      "x": 0,
      "y": 17,
    },
    Object {
      "bricks": 0,
      "cuboid": false,
      "marked": true,
      "x": 0,
      "y": 18,
    },
    Object {
      "bricks": 0,
      "cuboid": false,
      "marked": true,
      "x": 0,
      "y": 19,
    },
    Object {
      "bricks": 0,
      "cuboid": false,
      "direction": "east",
      "marked": true,
      "x": 2,
      "y": 1,
    },
    Object {
      "bricks": 0,
      "cuboid": false,
      "direction": "east",
      "marked": true,
      "x": 4,
      "y": 1,
    },
    Object {
      "bricks": 0,
      "cuboid": false,
      "direction": "east",
      "marked": true,
      "x": 6,
      "y": 1,
    },
    Object {
      "bricks": 0,
      "cuboid": false,
      "direction": "east",
      "marked": true,
      "x": 8,
      "y": 1,
    },
    Object {
      "bricks": 0,
      "cuboid": false,
      "direction": "east",
      "marked": true,
      "x": 10,
      "y": 1,
    },
    Object {
      "bricks": 0,
      "cuboid": false,
      "direction": "east",
      "marked": true,
      "x": 12,
      "y": 1,
    },
    Object {
      "bricks": 0,
      "cuboid": false,
      "direction": "east",
      "marked": true,
      "x": 14,
      "y": 1,
    },
    Object {
      "bricks": 0,
      "cuboid": false,
      "direction": "east",
      "marked": true,
      "x": 16,
      "y": 1,
    },
    Object {
      "bricks": 0,
      "cuboid": false,
      "direction": "east",
      "marked": true,
      "x": 18,
      "y": 1,
    },
    Object {
      "bricks": 0,
      "cuboid": false,
      "direction": "east",
      "marked": true,
      "x": 1,
      "y": 2,
    },
    Object {
      "bricks": 0,
      "cuboid": false,
      "direction": "east",
      "marked": true,
      "x": 4,
      "y": 2,
    },
    Object {
      "bricks": 0,
      "cuboid": false,
      "direction": "east",
      "marked": true,
      "x": 5,
      "y": 2,
    },
    Object {
      "bricks": 0,
      "cuboid": false,
      "direction": "east",
      "marked": true,
      "x": 8,
      "y": 2,
    },
    Object {
      "bricks": 0,
      "cuboid": false,
      "direction": "east",
      "marked": true,
      "x": 9,
      "y": 2,
    },
    Object {
      "bricks": 0,
      "cuboid": false,
      "direction": "east",
      "marked": true,
      "x": 12,
      "y": 2,
    },
    Object {
      "bricks": 0,
      "cuboid": false,
      "direction": "east",
      "marked": true,
      "x": 13,
      "y": 2,
    },
    Object {
      "bricks": 0,
      "cuboid": false,
      "direction": "east",
      "marked": true,
      "x": 16,
      "y": 2,
    },
    Object {
      "bricks": 0,
      "cuboid": false,
      "direction": "east",
      "marked": true,
      "x": 17,
      "y": 2,
    },
    Object {
      "bricks": 0,
      "cuboid": false,
      "direction": "east",
      "marked": true,
      "x": 4,
      "y": 3,
    },
    Object {
      "bricks": 0,
      "cuboid": false,
      "direction": "east",
      "marked": true,
      "x": 8,
      "y": 3,
    },
    Object {
      "bricks": 0,
      "cuboid": false,
      "direction": "east",
      "marked": true,
      "x": 12,
      "y": 3,
    },
    Object {
      "bricks": 0,
      "cuboid": false,
      "direction": "east",
      "marked": true,
      "x": 16,
      "y": 3,
    },
    Object {
      "bricks": 0,
      "cuboid": false,
      "direction": "east",
      "marked": true,
      "x": 1,
      "y": 4,
    },
    Object {
      "bricks": 0,
      "cuboid": false,
      "direction": "east",
      "marked": true,
      "x": 2,
      "y": 4,
    },
    Object {
      "bricks": 0,
      "cuboid": false,
      "direction": "east",
      "marked": true,
      "x": 3,
      "y": 4,
    },
    Object {
      "bricks": 0,
      "cuboid": false,
      "direction": "east",
      "marked": true,
      "x": 8,
      "y": 4,
    },
    Object {
      "bricks": 0,
      "cuboid": false,
      "direction": "east",
      "marked": true,
      "x": 9,
      "y": 4,
    },
    Object {
      "bricks": 0,
      "cuboid": false,
      "direction": "east",
      "marked": true,
      "x": 10,
      "y": 4,
    },
    Object {
      "bricks": 0,
      "cuboid": false,
      "direction": "east",
      "marked": true,
      "x": 11,
      "y": 4,
    },
    Object {
      "bricks": 0,
      "cuboid": false,
      "direction": "east",
      "marked": true,
      "x": 16,
      "y": 4,
    },
    Object {
      "bricks": 0,
      "cuboid": false,
      "direction": "east",
      "marked": true,
      "x": 17,
      "y": 4,
    },
    Object {
      "bricks": 0,
      "cuboid": false,
      "direction": "east",
      "marked": true,
      "x": 18,
      "y": 4,
    },
    Object {
      "bricks": 0,
      "cuboid": false,
      "direction": "east",
      "marked": true,
      "x": 19,
      "y": 4,
    },
    Object {
      "bricks": 0,
      "cuboid": false,
      "direction": "east",
      "marked": true,
      "x": 2,
      "y": 5,
    },
    Object {
      "bricks": 0,
      "cuboid": false,
      "direction": "east",
      "marked": true,
      "x": 8,
      "y": 5,
    },
    Object {
      "bricks": 0,
      "cuboid": false,
      "direction": "east",
      "marked": true,
      "x": 10,
      "y": 5,
    },
    Object {
      "bricks": 0,
      "cuboid": false,
      "direction": "east",
      "marked": true,
      "x": 16,
      "y": 5,
    },
    Object {
      "bricks": 0,
      "cuboid": false,
      "direction": "east",
      "marked": true,
      "x": 18,
      "y": 5,
    },
    Object {
      "bricks": 0,
      "cuboid": false,
      "direction": "east",
      "marked": true,
      "x": 1,
      "y": 6,
    },
    Object {
      "bricks": 0,
      "cuboid": false,
      "direction": "east",
      "marked": true,
      "x": 8,
      "y": 6,
    },
    Object {
      "bricks": 0,
      "cuboid": false,
      "direction": "east",
      "marked": true,
      "x": 9,
      "y": 6,
    },
    Object {
      "bricks": 0,
      "cuboid": false,
      "direction": "east",
      "marked": true,
      "x": 16,
      "y": 6,
    },
    Object {
      "bricks": 0,
      "cuboid": false,
      "direction": "east",
      "marked": true,
      "x": 17,
      "y": 6,
    },
    Object {
      "bricks": 0,
      "cuboid": false,
      "direction": "east",
      "marked": true,
      "x": 8,
      "y": 7,
    },
    Object {
      "bricks": 0,
      "cuboid": false,
      "direction": "east",
      "marked": true,
      "x": 16,
      "y": 7,
    },
    Object {
      "bricks": 0,
      "cuboid": false,
      "direction": "east",
      "marked": true,
      "x": 1,
      "y": 8,
    },
    Object {
      "bricks": 0,
      "cuboid": false,
      "direction": "east",
      "marked": true,
      "x": 2,
      "y": 8,
    },
    Object {
      "bricks": 0,
      "cuboid": false,
      "direction": "east",
      "marked": true,
      "x": 3,
      "y": 8,
    },
    Object {
      "bricks": 0,
      "cuboid": false,
      "direction": "east",
      "marked": true,
      "x": 4,
      "y": 8,
    },
    Object {
      "bricks": 0,
      "cuboid": false,
      "direction": "east",
      "marked": true,
      "x": 5,
      "y": 8,
    },
    Object {
      "bricks": 0,
      "cuboid": false,
      "direction": "east",
      "marked": true,
      "x": 6,
      "y": 8,
    },
    Object {
      "bricks": 0,
      "cuboid": false,
      "direction": "east",
      "marked": true,
      "x": 7,
      "y": 8,
    },
    Object {
      "bricks": 0,
      "cuboid": false,
      "direction": "east",
      "marked": true,
      "x": 16,
      "y": 8,
    },
    Object {
      "bricks": 0,
      "cuboid": false,
      "direction": "east",
      "marked": true,
      "x": 17,
      "y": 8,
    },
    Object {
      "bricks": 0,
      "cuboid": false,
      "direction": "east",
      "marked": true,
      "x": 18,
      "y": 8,
    },
    Object {
      "bricks": 0,
      "cuboid": false,
      "direction": "east",
      "marked": true,
      "x": 19,
      "y": 8,
    },
    Object {
      "bricks": 0,
      "cuboid": false,
      "direction": "east",
      "marked": true,
      "x": 2,
      "y": 9,
    },
    Object {
      "bricks": 0,
      "cuboid": false,
      "direction": "east",
      "marked": true,
      "x": 4,
      "y": 9,
    },
    Object {
      "bricks": 0,
      "cuboid": false,
      "direction": "east",
      "marked": true,
      "x": 6,
      "y": 9,
    },
    Object {
      "bricks": 0,
      "cuboid": false,
      "direction": "east",
      "marked": true,
      "x": 16,
      "y": 9,
    },
    Object {
      "bricks": 0,
      "cuboid": false,
      "direction": "east",
      "marked": true,
      "x": 18,
      "y": 9,
    },
    Object {
      "bricks": 0,
      "cuboid": false,
      "direction": "east",
      "marked": true,
      "x": 1,
      "y": 10,
    },
    Object {
      "bricks": 0,
      "cuboid": false,
      "direction": "east",
      "marked": true,
      "x": 4,
      "y": 10,
    },
    Object {
      "bricks": 0,
      "cuboid": false,
      "direction": "east",
      "marked": true,
      "x": 5,
      "y": 10,
    },
    Object {
      "bricks": 0,
      "cuboid": false,
      "direction": "east",
      "marked": true,
      "x": 16,
      "y": 10,
    },
    Object {
      "bricks": 0,
      "cuboid": false,
      "direction": "east",
      "marked": true,
      "x": 17,
      "y": 10,
    },
    Object {
      "bricks": 0,
      "cuboid": false,
      "direction": "east",
      "marked": true,
      "x": 4,
      "y": 11,
    },
    Object {
      "bricks": 0,
      "cuboid": false,
      "direction": "east",
      "marked": true,
      "x": 16,
      "y": 11,
    },
    Object {
      "bricks": 0,
      "cuboid": false,
      "direction": "east",
      "marked": true,
      "x": 1,
      "y": 12,
    },
    Object {
      "bricks": 0,
      "cuboid": false,
      "direction": "east",
      "marked": true,
      "x": 2,
      "y": 12,
    },
    Object {
      "bricks": 0,
      "cuboid": false,
      "direction": "east",
      "marked": true,
      "x": 3,
      "y": 12,
    },
    Object {
      "bricks": 0,
      "cuboid": false,
      "direction": "east",
      "marked": true,
      "x": 16,
      "y": 12,
    },
    Object {
      "bricks": 0,
      "cuboid": false,
      "direction": "east",
      "marked": true,
      "x": 17,
      "y": 12,
    },
    Object {
      "bricks": 0,
      "cuboid": false,
      "direction": "east",
      "marked": true,
      "x": 18,
      "y": 12,
    },
    Object {
      "bricks": 0,
      "cuboid": false,
      "direction": "east",
      "marked": true,
      "x": 19,
      "y": 12,
    },
    Object {
      "bricks": 0,
      "cuboid": false,
      "direction": "east",
      "marked": true,
      "x": 2,
      "y": 13,
    },
    Object {
      "bricks": 0,
      "cuboid": false,
      "direction": "east",
      "marked": true,
      "x": 16,
      "y": 13,
    },
    Object {
      "bricks": 0,
      "cuboid": false,
      "direction": "east",
      "marked": true,
      "x": 18,
      "y": 13,
    },
    Object {
      "bricks": 0,
      "cuboid": false,
      "direction": "east",
      "marked": true,
      "x": 1,
      "y": 14,
    },
    Object {
      "bricks": 0,
      "cuboid": false,
      "direction": "east",
      "marked": true,
      "x": 16,
      "y": 14,
    },
    Object {
      "bricks": 0,
      "cuboid": false,
      "direction": "east",
      "marked": true,
      "x": 17,
      "y": 14,
    },
    Object {
      "bricks": 0,
      "cuboid": false,
      "direction": "east",
      "marked": true,
      "x": 16,
      "y": 15,
    },
    Object {
      "bricks": 0,
      "cuboid": false,
      "direction": "east",
      "marked": true,
      "x": 1,
      "y": 16,
    },
    Object {
      "bricks": 0,
      "cuboid": false,
      "direction": "east",
      "marked": true,
      "x": 2,
      "y": 16,
    },
    Object {
      "bricks": 0,
      "cuboid": false,
      "direction": "east",
      "marked": true,
      "x": 3,
      "y": 16,
    },
    Object {
      "bricks": 0,
      "cuboid": false,
      "direction": "east",
      "marked": true,
      "x": 4,
      "y": 16,
    },
    Object {
      "bricks": 0,
      "cuboid": false,
      "direction": "east",
      "marked": true,
      "x": 5,
      "y": 16,
    },
    Object {
      "bricks": 0,
      "cuboid": false,
      "direction": "east",
      "marked": true,
      "x": 6,
      "y": 16,
    },
    Object {
      "bricks": 0,
      "cuboid": false,
      "direction": "east",
      "marked": true,
      "x": 7,
      "y": 16,
    },
    Object {
      "bricks": 0,
      "cuboid": false,
      "direction": "east",
      "marked": true,
      "x": 8,
      "y": 16,
    },
    Object {
      "bricks": 0,
      "cuboid": false,
      "direction": "east",
      "marked": true,
      "x": 9,
      "y": 16,
    },
    Object {
      "bricks": 0,
      "cuboid": false,
      "direction": "east",
      "marked": true,
      "x": 10,
      "y": 16,
    },
    Object {
      "bricks": 0,
      "cuboid": false,
      "direction": "east",
      "marked": true,
      "x": 11,
      "y": 16,
    },
    Object {
      "bricks": 0,
      "cuboid": false,
      "direction": "east",
      "marked": true,
      "x": 12,
      "y": 16,
    },
    Object {
      "bricks": 0,
      "cuboid": false,
      "direction": "east",
      "marked": true,
      "x": 13,
      "y": 16,
    },
    Object {
      "bricks": 0,
      "cuboid": false,
      "direction": "east",
      "marked": true,
      "x": 14,
      "y": 16,
    },
    Object {
      "bricks": 0,
      "cuboid": false,
      "direction": "east",
      "marked": true,
      "x": 15,
      "y": 16,
    },
    Object {
      "bricks": 0,
      "cuboid": false,
      "direction": "east",
      "marked": true,
      "x": 2,
      "y": 17,
    },
    Object {
      "bricks": 0,
      "cuboid": false,
      "direction": "east",
      "marked": true,
      "x": 4,
      "y": 17,
    },
    Object {
      "bricks": 0,
      "cuboid": false,
      "direction": "east",
      "marked": true,
      "x": 6,
      "y": 17,
    },
    Object {
      "bricks": 0,
      "cuboid": false,
      "direction": "east",
      "marked": true,
      "x": 8,
      "y": 17,
    },
    Object {
      "bricks": 0,
      "cuboid": false,
      "direction": "east",
      "marked": true,
      "x": 10,
      "y": 17,
    },
    Object {
      "bricks": 0,
      "cuboid": false,
      "direction": "east",
      "marked": true,
      "x": 12,
      "y": 17,
    },
    Object {
      "bricks": 0,
      "cuboid": false,
      "direction": "east",
      "marked": true,
      "x": 14,
      "y": 17,
    },
    Object {
      "bricks": 0,
      "cuboid": false,
      "direction": "east",
      "marked": true,
      "x": 1,
      "y": 18,
    },
    Object {
      "bricks": 0,
      "cuboid": false,
      "direction": "east",
      "marked": true,
      "x": 4,
      "y": 18,
    },
    Object {
      "bricks": 0,
      "cuboid": false,
      "direction": "east",
      "marked": true,
      "x": 5,
      "y": 18,
    },
    Object {
      "bricks": 0,
      "cuboid": false,
      "direction": "east",
      "marked": true,
      "x": 8,
      "y": 18,
    },
    Object {
      "bricks": 0,
      "cuboid": false,
      "direction": "east",
      "marked": true,
      "x": 9,
      "y": 18,
    },
    Object {
      "bricks": 0,
      "cuboid": false,
      "direction": "east",
      "marked": true,
      "x": 12,
      "y": 18,
    },
    Object {
      "bricks": 0,
      "cuboid": false,
      "direction": "east",
      "marked": true,
      "x": 13,
      "y": 18,
    },
    Object {
      "bricks": 0,
      "cuboid": false,
      "direction": "east",
      "marked": true,
      "x": 4,
      "y": 19,
    },
    Object {
      "bricks": 0,
      "cuboid": false,
      "direction": "east",
      "marked": true,
      "x": 8,
      "y": 19,
    },
    Object {
      "bricks": 0,
      "cuboid": false,
      "direction": "east",
      "marked": true,
      "x": 12,
      "y": 19,
    },
  ],
  "width": 20,
}
`;

exports[`Schachbrett 1`] = `
Object {
  "depth": 10,
  "height": 6,
  "player": Object {
    "direction": "east",
    "x": 7,
    "y": 0,
  },
  "tiles": Array [
    Object {
      "bricks": 0,
      "cuboid": false,
      "direction": "south",
      "marked": true,
      "x": 0,
      "y": 0,
    },
    Object {
      "bricks": 0,
      "cuboid": false,
      "direction": "south",
      "marked": true,
      "x": 0,
      "y": 2,
    },
    Object {
      "bricks": 0,
      "cuboid": false,
      "direction": "south",
      "marked": true,
      "x": 0,
      "y": 4,
    },
    Object {
      "bricks": 0,
      "cuboid": false,
      "direction": "south",
      "marked": true,
      "x": 0,
      "y": 6,
    },
    Object {
      "bricks": 0,
      "cuboid": false,
      "direction": "south",
      "marked": true,
      "x": 0,
      "y": 8,
    },
    Object {
      "bricks": 0,
      "cuboid": false,
      "direction": "north",
      "marked": true,
      "x": 1,
      "y": 9,
    },
    Object {
      "bricks": 0,
      "cuboid": false,
      "direction": "north",
      "marked": true,
      "x": 1,
      "y": 7,
    },
    Object {
      "bricks": 0,
      "cuboid": false,
      "direction": "north",
      "marked": true,
      "x": 1,
      "y": 5,
    },
    Object {
      "bricks": 0,
      "cuboid": false,
      "direction": "north",
      "marked": true,
      "x": 1,
      "y": 3,
    },
    Object {
      "bricks": 0,
      "cuboid": false,
      "direction": "north",
      "marked": true,
      "x": 1,
      "y": 1,
    },
    Object {
      "bricks": 0,
      "cuboid": false,
      "direction": "south",
      "marked": true,
      "x": 2,
      "y": 0,
    },
    Object {
      "bricks": 0,
      "cuboid": false,
      "direction": "south",
      "marked": true,
      "x": 2,
      "y": 2,
    },
    Object {
      "bricks": 0,
      "cuboid": false,
      "direction": "south",
      "marked": true,
      "x": 2,
      "y": 4,
    },
    Object {
      "bricks": 0,
      "cuboid": false,
      "direction": "south",
      "marked": true,
      "x": 2,
      "y": 6,
    },
    Object {
      "bricks": 0,
      "cuboid": false,
      "direction": "south",
      "marked": true,
      "x": 2,
      "y": 8,
    },
    Object {
      "bricks": 0,
      "cuboid": false,
      "direction": "north",
      "marked": true,
      "x": 3,
      "y": 9,
    },
    Object {
      "bricks": 0,
      "cuboid": false,
      "direction": "north",
      "marked": true,
      "x": 3,
      "y": 7,
    },
    Object {
      "bricks": 0,
      "cuboid": false,
      "direction": "north",
      "marked": true,
      "x": 3,
      "y": 5,
    },
    Object {
      "bricks": 0,
      "cuboid": false,
      "direction": "north",
      "marked": true,
      "x": 3,
      "y": 3,
    },
    Object {
      "bricks": 0,
      "cuboid": false,
      "direction": "north",
      "marked": true,
      "x": 3,
      "y": 1,
    },
    Object {
      "bricks": 0,
      "cuboid": false,
      "direction": "south",
      "marked": true,
      "x": 4,
      "y": 0,
    },
    Object {
      "bricks": 0,
      "cuboid": false,
      "direction": "south",
      "marked": true,
      "x": 4,
      "y": 2,
    },
    Object {
      "bricks": 0,
      "cuboid": false,
      "direction": "south",
      "marked": true,
      "x": 4,
      "y": 4,
    },
    Object {
      "bricks": 0,
      "cuboid": false,
      "direction": "south",
      "marked": true,
      "x": 4,
      "y": 6,
    },
    Object {
      "bricks": 0,
      "cuboid": false,
      "direction": "south",
      "marked": true,
      "x": 4,
      "y": 8,
    },
    Object {
      "bricks": 0,
      "cuboid": false,
      "direction": "north",
      "marked": true,
      "x": 5,
      "y": 9,
    },
    Object {
      "bricks": 0,
      "cuboid": false,
      "direction": "north",
      "marked": true,
      "x": 5,
      "y": 7,
    },
    Object {
      "bricks": 0,
      "cuboid": false,
      "direction": "north",
      "marked": true,
      "x": 5,
      "y": 5,
    },
    Object {
      "bricks": 0,
      "cuboid": false,
      "direction": "north",
      "marked": true,
      "x": 5,
      "y": 3,
    },
    Object {
      "bricks": 0,
      "cuboid": false,
      "direction": "north",
      "marked": true,
      "x": 5,
      "y": 1,
    },
    Object {
      "bricks": 0,
      "cuboid": false,
      "direction": "south",
      "marked": true,
      "x": 6,
      "y": 0,
    },
    Object {
      "bricks": 0,
      "cuboid": false,
      "direction": "south",
      "marked": true,
      "x": 6,
      "y": 2,
    },
    Object {
      "bricks": 0,
      "cuboid": false,
      "direction": "south",
      "marked": true,
      "x": 6,
      "y": 4,
    },
    Object {
      "bricks": 0,
      "cuboid": false,
      "direction": "south",
      "marked": true,
      "x": 6,
      "y": 6,
    },
    Object {
      "bricks": 0,
      "cuboid": false,
      "direction": "south",
      "marked": true,
      "x": 6,
      "y": 8,
    },
    Object {
      "bricks": 0,
      "cuboid": false,
      "direction": "north",
      "marked": true,
      "x": 7,
      "y": 9,
    },
    Object {
      "bricks": 0,
      "cuboid": false,
      "direction": "north",
      "marked": true,
      "x": 7,
      "y": 7,
    },
    Object {
      "bricks": 0,
      "cuboid": false,
      "direction": "north",
      "marked": true,
      "x": 7,
      "y": 5,
    },
    Object {
      "bricks": 0,
      "cuboid": false,
      "direction": "north",
      "marked": true,
      "x": 7,
      "y": 3,
    },
    Object {
      "bricks": 0,
      "cuboid": false,
      "direction": "north",
      "marked": true,
      "x": 7,
      "y": 1,
    },
  ],
  "width": 8,
}
`;

exports[`Spirale 1`] = `
Object {
  "depth": 10,
  "height": 6,
  "player": Object {
    "direction": "east",
    "x": 2,
    "y": 7,
  },
  "tiles": Array [
    Object {
      "bricks": 1,
      "cuboid": false,
      "marked": false,
      "x": 0,
      "y": 0,
    },
    Object {
      "bricks": 1,
      "cuboid": false,
      "marked": false,
      "x": 0,
      "y": 1,
    },
    Object {
      "bricks": 1,
      "cuboid": false,
      "marked": false,
      "x": 0,
      "y": 2,
    },
    Object {
      "bricks": 1,
      "cuboid": false,
      "marked": false,
      "x": 0,
      "y": 3,
    },
    Object {
      "bricks": 1,
      "cuboid": false,
      "marked": false,
      "x": 0,
      "y": 4,
    },
    Object {
      "bricks": 1,
      "cuboid": false,
      "marked": false,
      "x": 0,
      "y": 5,
    },
    Object {
      "bricks": 1,
      "cuboid": false,
      "marked": false,
      "x": 0,
      "y": 6,
    },
    Object {
      "bricks": 1,
      "cuboid": false,
      "marked": false,
      "x": 0,
      "y": 7,
    },
    Object {
      "bricks": 1,
      "cuboid": false,
      "marked": false,
      "x": 0,
      "y": 8,
    },
    Object {
      "bricks": 1,
      "cuboid": false,
      "marked": false,
      "x": 0,
      "y": 9,
    },
    Object {
      "bricks": 1,
      "cuboid": false,
      "marked": false,
      "x": 1,
      "y": 9,
    },
    Object {
      "bricks": 1,
      "cuboid": false,
      "marked": false,
      "x": 2,
      "y": 9,
    },
    Object {
      "bricks": 1,
      "cuboid": false,
      "marked": false,
      "x": 3,
      "y": 9,
    },
    Object {
      "bricks": 1,
      "cuboid": false,
      "marked": false,
      "x": 4,
      "y": 9,
    },
    Object {
      "bricks": 1,
      "cuboid": false,
      "marked": false,
      "x": 4,
      "y": 8,
    },
    Object {
      "bricks": 1,
      "cuboid": false,
      "marked": false,
      "x": 4,
      "y": 7,
    },
    Object {
      "bricks": 1,
      "cuboid": false,
      "marked": false,
      "x": 4,
      "y": 6,
    },
    Object {
      "bricks": 1,
      "cuboid": false,
      "marked": false,
      "x": 4,
      "y": 5,
    },
    Object {
      "bricks": 1,
      "cuboid": false,
      "marked": false,
      "x": 4,
      "y": 4,
    },
    Object {
      "bricks": 1,
      "cuboid": false,
      "marked": false,
      "x": 4,
      "y": 3,
    },
    Object {
      "bricks": 1,
      "cuboid": false,
      "marked": false,
      "x": 4,
      "y": 2,
    },
    Object {
      "bricks": 1,
      "cuboid": false,
      "marked": false,
      "x": 4,
      "y": 1,
    },
    Object {
      "bricks": 1,
      "cuboid": false,
      "marked": false,
      "x": 4,
      "y": 0,
    },
    Object {
      "bricks": 1,
      "cuboid": false,
      "marked": false,
      "x": 3,
      "y": 0,
    },
    Object {
      "bricks": 1,
      "cuboid": false,
      "marked": false,
      "x": 2,
      "y": 0,
    },
    Object {
      "bricks": 1,
      "cuboid": false,
      "marked": false,
      "x": 1,
      "y": 0,
    },
    Object {
      "bricks": 1,
      "cuboid": false,
      "marked": false,
      "x": 1,
      "y": 1,
    },
    Object {
      "bricks": 1,
      "cuboid": false,
      "marked": false,
      "x": 1,
      "y": 2,
    },
    Object {
      "bricks": 1,
      "cuboid": false,
      "marked": false,
      "x": 1,
      "y": 3,
    },
    Object {
      "bricks": 1,
      "cuboid": false,
      "marked": false,
      "x": 1,
      "y": 4,
    },
    Object {
      "bricks": 1,
      "cuboid": false,
      "marked": false,
      "x": 1,
      "y": 5,
    },
    Object {
      "bricks": 1,
      "cuboid": false,
      "marked": false,
      "x": 1,
      "y": 6,
    },
    Object {
      "bricks": 1,
      "cuboid": false,
      "marked": false,
      "x": 1,
      "y": 7,
    },
    Object {
      "bricks": 1,
      "cuboid": false,
      "marked": false,
      "x": 1,
      "y": 8,
    },
    Object {
      "bricks": 1,
      "cuboid": false,
      "marked": false,
      "x": 2,
      "y": 8,
    },
    Object {
      "bricks": 1,
      "cuboid": false,
      "marked": false,
      "x": 3,
      "y": 8,
    },
    Object {
      "bricks": 1,
      "cuboid": false,
      "marked": false,
      "x": 3,
      "y": 7,
    },
    Object {
      "bricks": 1,
      "cuboid": false,
      "marked": false,
      "x": 3,
      "y": 6,
    },
    Object {
      "bricks": 1,
      "cuboid": false,
      "marked": false,
      "x": 3,
      "y": 5,
    },
    Object {
      "bricks": 1,
      "cuboid": false,
      "marked": false,
      "x": 3,
      "y": 4,
    },
    Object {
      "bricks": 1,
      "cuboid": false,
      "marked": false,
      "x": 3,
      "y": 3,
    },
    Object {
      "bricks": 1,
      "cuboid": false,
      "marked": false,
      "x": 3,
      "y": 2,
    },
    Object {
      "bricks": 1,
      "cuboid": false,
      "marked": false,
      "x": 3,
      "y": 1,
    },
    Object {
      "bricks": 1,
      "cuboid": false,
      "marked": false,
      "x": 2,
      "y": 1,
    },
    Object {
      "bricks": 1,
      "cuboid": false,
      "marked": false,
      "x": 2,
      "y": 2,
    },
    Object {
      "bricks": 1,
      "cuboid": false,
      "marked": false,
      "x": 2,
      "y": 3,
    },
    Object {
      "bricks": 1,
      "cuboid": false,
      "marked": false,
      "x": 2,
      "y": 4,
    },
    Object {
      "bricks": 1,
      "cuboid": false,
      "marked": false,
      "x": 2,
      "y": 5,
    },
    Object {
      "bricks": 1,
      "cuboid": false,
      "marked": false,
      "x": 2,
      "y": 6,
    },
    Object {
      "bricks": 1,
      "cuboid": false,
      "marked": false,
      "x": 2,
      "y": 7,
    },
  ],
  "width": 5,
}
`;

exports[`Stapeln 1`] = `
Object {
  "depth": 10,
  "height": 10,
  "player": Object {
    "direction": "south",
    "x": 0,
    "y": 9,
  },
  "tiles": Array [
    Object {
      "bricks": 0,
      "cuboid": false,
      "marked": false,
      "x": 3,
      "y": 1,
    },
    Object {
      "bricks": 0,
      "cuboid": false,
      "marked": false,
      "x": 3,
      "y": 2,
    },
    Object {
      "bricks": 0,
      "cuboid": false,
      "marked": false,
      "x": 4,
      "y": 2,
    },
    Object {
      "bricks": 5,
      "cuboid": false,
      "marked": false,
      "x": 7,
      "y": 2,
    },
    Object {
      "bricks": 0,
      "cuboid": false,
      "marked": false,
      "x": 1,
      "y": 3,
    },
    Object {
      "bricks": 0,
      "cuboid": false,
      "marked": false,
      "x": 3,
      "y": 3,
    },
    Object {
      "bricks": 0,
      "cuboid": false,
      "marked": false,
      "x": 5,
      "y": 3,
    },
    Object {
      "bricks": 1,
      "cuboid": false,
      "marked": false,
      "x": 0,
      "y": 4,
    },
    Object {
      "bricks": 0,
      "cuboid": false,
      "marked": false,
      "x": 2,
      "y": 4,
    },
    Object {
      "bricks": 0,
      "cuboid": false,
      "marked": false,
      "x": 4,
      "y": 4,
    },
    Object {
      "bricks": 1,
      "cuboid": false,
      "marked": false,
      "x": 0,
      "y": 5,
    },
    Object {
      "bricks": 0,
      "cuboid": false,
      "marked": false,
      "x": 2,
      "y": 5,
    },
    Object {
      "bricks": 0,
      "cuboid": false,
      "marked": false,
      "x": 4,
      "y": 5,
    },
    Object {
      "bricks": 3,
      "cuboid": false,
      "marked": false,
      "x": 7,
      "y": 5,
    },
    Object {
      "bricks": 0,
      "cuboid": false,
      "marked": false,
      "x": 5,
      "y": 6,
    },
    Object {
      "bricks": 0,
      "cuboid": false,
      "marked": false,
      "x": 3,
      "y": 7,
    },
    Object {
      "bricks": 0,
      "cuboid": false,
      "marked": false,
      "x": 6,
      "y": 7,
    },
    Object {
      "bricks": 0,
      "cuboid": false,
      "marked": false,
      "x": 1,
      "y": 8,
    },
    Object {
      "bricks": 0,
      "cuboid": false,
      "marked": false,
      "x": 3,
      "y": 8,
    },
    Object {
      "bricks": 2,
      "cuboid": false,
      "marked": false,
      "x": 7,
      "y": 1,
    },
    Object {
      "bricks": 4,
      "cuboid": false,
      "marked": false,
      "x": 7,
      "y": 3,
    },
    Object {
      "bricks": 4,
      "cuboid": false,
      "marked": false,
      "x": 7,
      "y": 4,
    },
    Object {
      "bricks": 1,
      "cuboid": false,
      "marked": false,
      "x": 7,
      "y": 6,
    },
    Object {
      "bricks": 8,
      "cuboid": false,
      "marked": false,
      "x": 7,
      "y": 7,
    },
    Object {
      "bricks": 4,
      "cuboid": false,
      "marked": false,
      "x": 7,
      "y": 8,
    },
  ],
  "width": 8,
}
`;

exports[`Treppe 1`] = `
Object {
  "depth": 10,
  "height": 10,
  "player": Object {
    "direction": "south",
    "x": 2,
    "y": 8,
  },
  "tiles": Array [
    Object {
      "bricks": 2,
      "cuboid": false,
      "marked": false,
      "x": 2,
      "y": 1,
    },
    Object {
      "bricks": 3,
      "cuboid": false,
      "marked": false,
      "x": 2,
      "y": 2,
    },
    Object {
      "bricks": 4,
      "cuboid": false,
      "marked": false,
      "x": 2,
      "y": 3,
    },
    Object {
      "bricks": 5,
      "cuboid": false,
      "marked": false,
      "x": 2,
      "y": 4,
    },
    Object {
      "bricks": 6,
      "cuboid": false,
      "marked": false,
      "x": 2,
      "y": 5,
    },
    Object {
      "bricks": 7,
      "cuboid": false,
      "marked": false,
      "x": 2,
      "y": 6,
    },
    Object {
      "bricks": 8,
      "cuboid": false,
      "marked": false,
      "x": 2,
      "y": 7,
    },
    Object {
      "bricks": 9,
      "cuboid": false,
      "marked": false,
      "x": 2,
      "y": 8,
    },
    Object {
      "bricks": 1,
      "cuboid": false,
      "marked": false,
      "x": 2,
      "y": 0,
    },
  ],
  "width": 5,
}
`;

exports[`Treppe Bauen 1`] = `
Object {
  "depth": 10,
  "height": 10,
  "player": Object {
    "direction": "east",
    "x": 2,
    "y": 8,
  },
  "tiles": Array [
    Object {
      "bricks": 7,
      "cuboid": false,
      "direction": "east",
      "marked": true,
      "x": 2,
      "y": 8,
    },
    Object {
      "bricks": 7,
      "cuboid": false,
      "marked": false,
      "x": 2,
      "y": 7,
    },
    Object {
      "bricks": 6,
      "cuboid": false,
      "marked": false,
      "x": 2,
      "y": 6,
    },
    Object {
      "bricks": 5,
      "cuboid": false,
      "marked": false,
      "x": 2,
      "y": 5,
    },
    Object {
      "bricks": 4,
      "cuboid": false,
      "marked": false,
      "x": 2,
      "y": 4,
    },
    Object {
      "bricks": 3,
      "cuboid": false,
      "marked": false,
      "x": 2,
      "y": 3,
    },
    Object {
      "bricks": 2,
      "cuboid": false,
      "marked": false,
      "x": 2,
      "y": 2,
    },
    Object {
      "bricks": 1,
      "cuboid": false,
      "marked": false,
      "x": 2,
      "y": 1,
    },
  ],
  "width": 5,
}
`;

exports[`Treppe Bauen 2 1`] = `
Object {
  "depth": 10,
  "height": 10,
  "player": Object {
    "direction": "north",
    "x": 2,
    "y": 9,
  },
  "tiles": Array [
    Object {
      "bricks": 7,
      "cuboid": false,
      "direction": "south",
      "marked": true,
      "x": 2,
      "y": 1,
    },
    Object {
      "bricks": 7,
      "cuboid": false,
      "marked": false,
      "x": 2,
      "y": 2,
    },
    Object {
      "bricks": 6,
      "cuboid": false,
      "marked": false,
      "x": 2,
      "y": 3,
    },
    Object {
      "bricks": 5,
      "cuboid": false,
      "marked": false,
      "x": 2,
      "y": 4,
    },
    Object {
      "bricks": 4,
      "cuboid": false,
      "marked": false,
      "x": 2,
      "y": 5,
    },
    Object {
      "bricks": 3,
      "cuboid": false,
      "marked": false,
      "x": 2,
      "y": 6,
    },
    Object {
      "bricks": 2,
      "cuboid": false,
      "marked": false,
      "x": 2,
      "y": 7,
    },
    Object {
      "bricks": 1,
      "cuboid": false,
      "marked": false,
      "x": 2,
      "y": 8,
    },
  ],
  "width": 5,
}
`;

exports[`Treppe Bauen 3 1`] = `
Object {
  "depth": 10,
  "height": 10,
  "player": Object {
    "direction": "north",
    "x": 2,
    "y": 9,
  },
  "tiles": Array [
    Object {
      "bricks": 7,
      "cuboid": false,
      "direction": "south",
      "marked": true,
      "x": 2,
      "y": 1,
    },
    Object {
      "bricks": 7,
      "cuboid": false,
      "marked": false,
      "x": 2,
      "y": 2,
    },
    Object {
      "bricks": 6,
      "cuboid": false,
      "marked": false,
      "x": 2,
      "y": 3,
    },
    Object {
      "bricks": 5,
      "cuboid": false,
      "marked": false,
      "x": 2,
      "y": 4,
    },
    Object {
      "bricks": 4,
      "cuboid": false,
      "marked": false,
      "x": 2,
      "y": 5,
    },
    Object {
      "bricks": 3,
      "cuboid": false,
      "marked": false,
      "x": 2,
      "y": 6,
    },
    Object {
      "bricks": 2,
      "cuboid": false,
      "marked": false,
      "x": 2,
      "y": 7,
    },
    Object {
      "bricks": 1,
      "cuboid": false,
      "marked": false,
      "x": 2,
      "y": 8,
    },
  ],
  "width": 5,
}
`;

exports[`Umsetzen 1`] = `
Object {
  "depth": 10,
  "height": 6,
  "player": Object {
    "direction": "south",
    "x": 2,
    "y": 2,
  },
  "tiles": Array [
    Object {
      "bricks": 0,
      "cuboid": false,
      "marked": false,
      "x": 2,
      "y": 3,
    },
    Object {
      "bricks": 6,
      "cuboid": false,
      "marked": false,
      "x": 1,
      "y": 3,
    },
  ],
  "width": 5,
}
`;

exports[`Viereck 1`] = `
Object {
  "depth": 10,
  "height": 6,
  "player": Object {
    "direction": "south",
    "x": 6,
    "y": 1,
  },
  "tiles": Array [
    Object {
      "bricks": 0,
      "cuboid": false,
      "marked": false,
      "x": 2,
      "y": 2,
    },
    Object {
      "bricks": 0,
      "cuboid": false,
      "marked": false,
      "x": 2,
      "y": 3,
    },
    Object {
      "bricks": 0,
      "cuboid": false,
      "marked": false,
      "x": 2,
      "y": 4,
    },
    Object {
      "bricks": 0,
      "cuboid": false,
      "marked": false,
      "x": 2,
      "y": 5,
    },
    Object {
      "bricks": 0,
      "cuboid": false,
      "marked": false,
      "x": 2,
      "y": 6,
    },
    Object {
      "bricks": 0,
      "cuboid": false,
      "marked": false,
      "x": 2,
      "y": 7,
    },
    Object {
      "bricks": 0,
      "cuboid": false,
      "marked": false,
      "x": 3,
      "y": 2,
    },
    Object {
      "bricks": 0,
      "cuboid": false,
      "marked": false,
      "x": 3,
      "y": 3,
    },
    Object {
      "bricks": 0,
      "cuboid": false,
      "marked": false,
      "x": 3,
      "y": 4,
    },
    Object {
      "bricks": 0,
      "cuboid": false,
      "marked": false,
      "x": 3,
      "y": 5,
    },
    Object {
      "bricks": 0,
      "cuboid": false,
      "marked": false,
      "x": 3,
      "y": 6,
    },
    Object {
      "bricks": 0,
      "cuboid": false,
      "marked": false,
      "x": 3,
      "y": 7,
    },
    Object {
      "bricks": 0,
      "cuboid": false,
      "marked": false,
      "x": 4,
      "y": 2,
    },
    Object {
      "bricks": 0,
      "cuboid": false,
      "marked": false,
      "x": 4,
      "y": 3,
    },
    Object {
      "bricks": 0,
      "cuboid": false,
      "marked": false,
      "x": 4,
      "y": 4,
    },
    Object {
      "bricks": 0,
      "cuboid": false,
      "marked": false,
      "x": 4,
      "y": 5,
    },
    Object {
      "bricks": 0,
      "cuboid": false,
      "marked": false,
      "x": 4,
      "y": 6,
    },
    Object {
      "bricks": 0,
      "cuboid": false,
      "marked": false,
      "x": 4,
      "y": 7,
    },
    Object {
      "bricks": 0,
      "cuboid": false,
      "marked": false,
      "x": 5,
      "y": 2,
    },
    Object {
      "bricks": 0,
      "cuboid": false,
      "marked": false,
      "x": 5,
      "y": 3,
    },
    Object {
      "bricks": 0,
      "cuboid": false,
      "marked": false,
      "x": 5,
      "y": 4,
    },
    Object {
      "bricks": 0,
      "cuboid": false,
      "marked": false,
      "x": 5,
      "y": 5,
    },
    Object {
      "bricks": 0,
      "cuboid": false,
      "marked": false,
      "x": 5,
      "y": 6,
    },
    Object {
      "bricks": 0,
      "cuboid": false,
      "marked": false,
      "x": 5,
      "y": 7,
    },
  ],
  "width": 8,
}
`;

exports[`Wand Entlang 1`] = `
Object {
  "depth": 10,
  "height": 6,
  "player": Object {
    "direction": "north",
    "x": 4,
    "y": 1,
  },
  "tiles": Array [],
  "width": 5,
}
`;

exports[`Zimmer 1`] = `
Object {
  "depth": 10,
  "height": 6,
  "player": Object {
    "direction": "east",
    "x": 9,
    "y": 6,
  },
  "tiles": Array [
    Object {
      "bricks": 1,
      "cuboid": false,
      "marked": false,
      "x": 1,
      "y": 1,
    },
    Object {
      "bricks": 1,
      "cuboid": false,
      "marked": false,
      "x": 2,
      "y": 1,
    },
    Object {
      "bricks": 1,
      "cuboid": false,
      "marked": false,
      "x": 3,
      "y": 1,
    },
    Object {
      "bricks": 1,
      "cuboid": false,
      "marked": false,
      "x": 4,
      "y": 1,
    },
    Object {
      "bricks": 1,
      "cuboid": false,
      "marked": false,
      "x": 5,
      "y": 1,
    },
    Object {
      "bricks": 1,
      "cuboid": false,
      "marked": false,
      "x": 6,
      "y": 1,
    },
    Object {
      "bricks": 1,
      "cuboid": false,
      "marked": false,
      "x": 7,
      "y": 1,
    },
    Object {
      "bricks": 1,
      "cuboid": false,
      "marked": false,
      "x": 1,
      "y": 2,
    },
    Object {
      "bricks": 1,
      "cuboid": false,
      "marked": false,
      "x": 7,
      "y": 2,
    },
    Object {
      "bricks": 1,
      "cuboid": false,
      "marked": false,
      "x": 1,
      "y": 3,
    },
    Object {
      "bricks": 1,
      "cuboid": false,
      "marked": false,
      "x": 7,
      "y": 3,
    },
    Object {
      "bricks": 1,
      "cuboid": false,
      "marked": false,
      "x": 1,
      "y": 4,
    },
    Object {
      "bricks": 1,
      "cuboid": false,
      "marked": false,
      "x": 7,
      "y": 4,
    },
    Object {
      "bricks": 1,
      "cuboid": false,
      "marked": false,
      "x": 1,
      "y": 5,
    },
    Object {
      "bricks": 1,
      "cuboid": false,
      "marked": false,
      "x": 7,
      "y": 5,
    },
    Object {
      "bricks": 1,
      "cuboid": false,
      "marked": false,
      "x": 1,
      "y": 6,
    },
    Object {
      "bricks": 0,
      "cuboid": false,
      "marked": true,
      "x": 9,
      "y": 6,
    },
    Object {
      "bricks": 1,
      "cuboid": false,
      "marked": false,
      "x": 1,
      "y": 7,
    },
    Object {
      "bricks": 1,
      "cuboid": false,
      "marked": false,
      "x": 7,
      "y": 7,
    },
    Object {
      "bricks": 1,
      "cuboid": false,
      "marked": false,
      "x": 1,
      "y": 8,
    },
    Object {
      "bricks": 1,
      "cuboid": false,
      "marked": false,
      "x": 2,
      "y": 8,
    },
    Object {
      "bricks": 1,
      "cuboid": false,
      "marked": false,
      "x": 3,
      "y": 8,
    },
    Object {
      "bricks": 1,
      "cuboid": false,
      "marked": false,
      "x": 4,
      "y": 8,
    },
    Object {
      "bricks": 1,
      "cuboid": false,
      "marked": false,
      "x": 5,
      "y": 8,
    },
    Object {
      "bricks": 1,
      "cuboid": false,
      "marked": false,
      "x": 6,
      "y": 8,
    },
    Object {
      "bricks": 1,
      "cuboid": false,
      "marked": false,
      "x": 7,
      "y": 8,
    },
  ],
  "width": 10,
}
`;
